id: react-useref-no-useless-assignment-computation
snapshots: {}
